Archive member included to satisfy reference by file (symbol)

c:/nxp/mcuxpressoide_11.3.0_5222/ide/plugins/com.nxp.mcuxpresso.tools.win32_11.3.0.202008311133/tools/bin/../lib/gcc/arm-none-eabi/9.3.1/../../../../arm-none-eabi/lib/thumb/v7-m/nofp\libcr_c.a(__weak__main.o)
                              ./src/cr_startup_lpc175x_6x.o (__main)

Discarded input sections

 .group         0x00000000        0xc ./src/cr_startup_lpc175x_6x.o
 .text          0x00000000        0x0 ./src/cr_startup_lpc175x_6x.o
 .data          0x00000000        0x0 ./src/cr_startup_lpc175x_6x.o
 .bss           0x00000000        0x0 ./src/cr_startup_lpc175x_6x.o
 .group         0x00000000        0xc ./src/crp.o
 .group         0x00000000        0xc ./src/crp.o
 .text          0x00000000        0x0 ./src/crp.o
 .data          0x00000000        0x0 ./src/crp.o
 .bss           0x00000000        0x0 ./src/crp.o
 .debug_macro   0x00000000      0xaa8 ./src/crp.o
 .group         0x00000000        0xc ./src/motor.o
 .group         0x00000000        0xc ./src/motor.o
 .group         0x00000000        0xc ./src/motor.o
 .group         0x00000000        0xc ./src/motor.o
 .group         0x00000000        0xc ./src/motor.o
 .text          0x00000000        0x0 ./src/motor.o
 .data          0x00000000        0x0 ./src/motor.o
 .bss           0x00000000        0x0 ./src/motor.o
 .debug_macro   0x00000000      0xaa8 ./src/motor.o
 .group         0x00000000        0xc ./primitivas/mqe_motor.o
 .group         0x00000000        0xc ./primitivas/mqe_motor.o
 .group         0x00000000        0xc ./primitivas/mqe_motor.o
 .group         0x00000000        0xc ./primitivas/mqe_motor.o
 .group         0x00000000        0xc ./primitivas/mqe_motor.o
 .group         0x00000000        0xc ./primitivas/mqe_motor.o
 .group         0x00000000        0xc ./primitivas/mqe_motor.o
 .text          0x00000000        0x0 ./primitivas/mqe_motor.o
 .data          0x00000000        0x0 ./primitivas/mqe_motor.o
 .bss           0x00000000        0x0 ./primitivas/mqe_motor.o
 .debug_macro   0x00000000      0xaa8 ./primitivas/mqe_motor.o
 .debug_macro   0x00000000      0x4b9 ./primitivas/mqe_motor.o
 .group         0x00000000        0xc ./driver/CONFIG.o
 .group         0x00000000        0xc ./driver/CONFIG.o
 .group         0x00000000        0xc ./driver/CONFIG.o
 .text          0x00000000        0x0 ./driver/CONFIG.o
 .data          0x00000000        0x0 ./driver/CONFIG.o
 .bss           0x00000000        0x0 ./driver/CONFIG.o
 .text.SetPINMODE
                0x00000000       0x80 ./driver/CONFIG.o
 .debug_macro   0x00000000      0xaa8 ./driver/CONFIG.o
 .debug_macro   0x00000000      0x4b9 ./driver/CONFIG.o
 .debug_macro   0x00000000      0x413 ./driver/CONFIG.o
 .group         0x00000000        0xc ./driver/DR_Systick.o
 .group         0x00000000        0xc ./driver/DR_Systick.o
 .group         0x00000000        0xc ./driver/DR_Systick.o
 .text          0x00000000        0x0 ./driver/DR_Systick.o
 .data          0x00000000        0x0 ./driver/DR_Systick.o
 .bss           0x00000000        0x0 ./driver/DR_Systick.o
 .debug_macro   0x00000000      0xaa8 ./driver/DR_Systick.o
 .debug_macro   0x00000000       0x10 ./driver/DR_Systick.o
 .debug_macro   0x00000000       0x3a ./driver/DR_Systick.o
 .group         0x00000000        0xc ./driver/GPIO.o
 .group         0x00000000        0xc ./driver/GPIO.o
 .group         0x00000000        0xc ./driver/GPIO.o
 .text          0x00000000        0x0 ./driver/GPIO.o
 .data          0x00000000        0x0 ./driver/GPIO.o
 .bss           0x00000000        0x0 ./driver/GPIO.o
 .text.SetDIR   0x00000000       0x74 ./driver/GPIO.o
 .text.SetPIN   0x00000000       0x78 ./driver/GPIO.o
 .text.GetPIN   0x00000000       0x4a ./driver/GPIO.o
 .debug_info    0x00000000      0x123 ./driver/GPIO.o
 .debug_abbrev  0x00000000       0xa7 ./driver/GPIO.o
 .debug_aranges
                0x00000000       0x30 ./driver/GPIO.o
 .debug_ranges  0x00000000       0x20 ./driver/GPIO.o
 .debug_macro   0x00000000       0x31 ./driver/GPIO.o
 .debug_macro   0x00000000      0xaa8 ./driver/GPIO.o
 .debug_macro   0x00000000      0x4b9 ./driver/GPIO.o
 .debug_macro   0x00000000      0x413 ./driver/GPIO.o
 .debug_line    0x00000000      0x139 ./driver/GPIO.o
 .debug_str     0x00000000     0x4983 ./driver/GPIO.o
 .comment       0x00000000       0x4d ./driver/GPIO.o
 .debug_frame   0x00000000       0x88 ./driver/GPIO.o
 .ARM.attributes
                0x00000000       0x2d ./driver/GPIO.o
 .group         0x00000000        0xc ./driver/Inic.o
 .group         0x00000000        0xc ./driver/Inic.o
 .group         0x00000000        0xc ./driver/Inic.o
 .group         0x00000000        0xc ./driver/Inic.o
 .group         0x00000000        0xc ./driver/Inic.o
 .group         0x00000000        0xc ./driver/Inic.o
 .group         0x00000000        0xc ./driver/Inic.o
 .group         0x00000000        0xc ./driver/Inic.o
 .text          0x00000000        0x0 ./driver/Inic.o
 .data          0x00000000        0x0 ./driver/Inic.o
 .bss           0x00000000        0x0 ./driver/Inic.o
 .debug_macro   0x00000000      0xaa8 ./driver/Inic.o
 .debug_macro   0x00000000      0x4b9 ./driver/Inic.o
 .debug_macro   0x00000000      0x413 ./driver/Inic.o
 .debug_macro   0x00000000       0xbe ./driver/Inic.o
 .debug_macro   0x00000000       0x10 ./driver/Inic.o
 .group         0x00000000        0xc ./driver/Oscilador.o
 .group         0x00000000        0xc ./driver/Oscilador.o
 .group         0x00000000        0xc ./driver/Oscilador.o
 .text          0x00000000        0x0 ./driver/Oscilador.o
 .data          0x00000000        0x0 ./driver/Oscilador.o
 .bss           0x00000000        0x0 ./driver/Oscilador.o
 .debug_macro   0x00000000      0xaa8 ./driver/Oscilador.o
 .debug_macro   0x00000000      0x413 ./driver/Oscilador.o
 .debug_macro   0x00000000       0xf4 ./driver/Oscilador.o
 .group         0x00000000        0xc ./driver/PWM_Salidas.o
 .group         0x00000000        0xc ./driver/PWM_Salidas.o
 .group         0x00000000        0xc ./driver/PWM_Salidas.o
 .group         0x00000000        0xc ./driver/PWM_Salidas.o
 .group         0x00000000        0xc ./driver/PWM_Salidas.o
 .text          0x00000000        0x0 ./driver/PWM_Salidas.o
 .data          0x00000000        0x0 ./driver/PWM_Salidas.o
 .bss           0x00000000        0x0 ./driver/PWM_Salidas.o
 .text.Iniciar_apertura
                0x00000000       0x28 ./driver/PWM_Salidas.o
 .text.Iniciar_cerrando
                0x00000000       0x28 ./driver/PWM_Salidas.o
 .debug_info    0x00000000       0x80 ./driver/PWM_Salidas.o
 .debug_abbrev  0x00000000       0x52 ./driver/PWM_Salidas.o
 .debug_aranges
                0x00000000       0x28 ./driver/PWM_Salidas.o
 .debug_ranges  0x00000000       0x18 ./driver/PWM_Salidas.o
 .debug_macro   0x00000000       0x43 ./driver/PWM_Salidas.o
 .debug_macro   0x00000000      0xaa8 ./driver/PWM_Salidas.o
 .debug_macro   0x00000000      0x4b9 ./driver/PWM_Salidas.o
 .debug_macro   0x00000000      0x413 ./driver/PWM_Salidas.o
 .debug_macro   0x00000000       0xbe ./driver/PWM_Salidas.o
 .debug_macro   0x00000000      0x148 ./driver/PWM_Salidas.o
 .debug_line    0x00000000       0xe6 ./driver/PWM_Salidas.o
 .debug_str     0x00000000     0x4e43 ./driver/PWM_Salidas.o
 .comment       0x00000000       0x4d ./driver/PWM_Salidas.o
 .debug_frame   0x00000000       0x50 ./driver/PWM_Salidas.o
 .ARM.attributes
                0x00000000       0x2d ./driver/PWM_Salidas.o
 .group         0x00000000        0xc ./driver/adc.o
 .group         0x00000000        0xc ./driver/adc.o
 .group         0x00000000        0xc ./driver/adc.o
 .group         0x00000000        0xc ./driver/adc.o
 .group         0x00000000        0xc ./driver/adc.o
 .text          0x00000000        0x0 ./driver/adc.o
 .data          0x00000000        0x0 ./driver/adc.o
 .bss           0x00000000        0x0 ./driver/adc.o
 .text.ADC_start_conversion
                0x00000000       0x20 ./driver/adc.o
 .text.TimeADC  0x00000000       0x40 ./driver/adc.o
 .bss.adc_counter.3825
                0x00000000        0x4 ./driver/adc.o
 .debug_macro   0x00000000      0xaa8 ./driver/adc.o
 .debug_macro   0x00000000       0x10 ./driver/adc.o
 .debug_macro   0x00000000       0x10 ./driver/adc.o
 .debug_macro   0x00000000      0x413 ./driver/adc.o
 .debug_macro   0x00000000      0x4b9 ./driver/adc.o
 .group         0x00000000        0xc ./driver/extint.o
 .group         0x00000000        0xc ./driver/extint.o
 .group         0x00000000        0xc ./driver/extint.o
 .group         0x00000000        0xc ./driver/extint.o
 .text          0x00000000        0x0 ./driver/extint.o
 .data          0x00000000        0x0 ./driver/extint.o
 .bss           0x00000000        0x0 ./driver/extint.o
 .debug_macro   0x00000000      0xaa8 ./driver/extint.o
 .debug_macro   0x00000000      0x413 ./driver/extint.o
 .debug_macro   0x00000000       0x10 ./driver/extint.o
 .debug_macro   0x00000000       0x3a ./driver/extint.o
 .text          0x00000000        0x0 c:/nxp/mcuxpressoide_11.3.0_5222/ide/plugins/com.nxp.mcuxpresso.tools.win32_11.3.0.202008311133/tools/bin/../lib/gcc/arm-none-eabi/9.3.1/../../../../arm-none-eabi/lib/thumb/v7-m/nofp\libcr_c.a(__weak__main.o)
 .data          0x00000000        0x0 c:/nxp/mcuxpressoide_11.3.0_5222/ide/plugins/com.nxp.mcuxpresso.tools.win32_11.3.0.202008311133/tools/bin/../lib/gcc/arm-none-eabi/9.3.1/../../../../arm-none-eabi/lib/thumb/v7-m/nofp\libcr_c.a(__weak__main.o)
 .bss           0x00000000        0x0 c:/nxp/mcuxpressoide_11.3.0_5222/ide/plugins/com.nxp.mcuxpresso.tools.win32_11.3.0.202008311133/tools/bin/../lib/gcc/arm-none-eabi/9.3.1/../../../../arm-none-eabi/lib/thumb/v7-m/nofp\libcr_c.a(__weak__main.o)

Memory Configuration

Name             Origin             Length             Attributes
MFlash512        0x00000000         0x00080000         xr
RamLoc32         0x10000000         0x00008000         xrw
RamAHB32         0x2007c000         0x00008000         xrw
*default*        0x00000000         0xffffffff

Linker script and memory map

LOAD ./src/cr_startup_lpc175x_6x.o
LOAD ./src/crp.o
LOAD ./src/motor.o
LOAD ./primitivas/mqe_motor.o
LOAD ./driver/CONFIG.o
LOAD ./driver/DR_Systick.o
LOAD ./driver/GPIO.o
LOAD ./driver/Inic.o
LOAD ./driver/Oscilador.o
LOAD ./driver/PWM_Salidas.o
LOAD ./driver/adc.o
LOAD ./driver/extint.o
START GROUP
LOAD c:/nxp/mcuxpressoide_11.3.0_5222/ide/plugins/com.nxp.mcuxpresso.tools.win32_11.3.0.202008311133/tools/bin/../lib/gcc/arm-none-eabi/9.3.1/../../../../arm-none-eabi/lib/thumb/v7-m/nofp\libcr_c.a
LOAD c:/nxp/mcuxpressoide_11.3.0_5222/ide/plugins/com.nxp.mcuxpresso.tools.win32_11.3.0.202008311133/tools/bin/../lib/gcc/arm-none-eabi/9.3.1/thumb/v7-m/nofp\libcr_eabihelpers.a
LOAD c:/nxp/mcuxpressoide_11.3.0_5222/ide/plugins/com.nxp.mcuxpresso.tools.win32_11.3.0.202008311133/tools/bin/../lib/gcc/arm-none-eabi/9.3.1/thumb/v7-m/nofp\libgcc.a
END GROUP
                0x00000000                __base_MFlash512 = 0x0
                0x00000000                __base_Flash = 0x0
                0x00080000                __top_MFlash512 = 0x80000
                0x00080000                __top_Flash = 0x80000
                0x10000000                __base_RamLoc32 = 0x10000000
                0x10000000                __base_RAM = 0x10000000
                0x10008000                __top_RamLoc32 = 0x10008000
                0x10008000                __top_RAM = 0x10008000
                0x2007c000                __base_RamAHB32 = 0x2007c000
                0x2007c000                __base_RAM2 = 0x2007c000
                0x20084000                __top_RamAHB32 = 0x20084000
                0x20084000                __top_RAM2 = 0x20084000

.text           0x00000000      0x870
 FILL mask 0xff
                0x00000000                __vectors_start__ = ABSOLUTE (.)
 *(.isr_vector)
 .isr_vector    0x00000000       0xcc ./src/cr_startup_lpc175x_6x.o
                0x00000000                g_pfnVectors
                0x000000cc                . = ALIGN (0x4)
                0x000000cc                __section_table_start = .
                0x000000cc                __data_section_table = .
                0x000000cc        0x4 LONG 0x870 LOADADDR (.data)
                0x000000d0        0x4 LONG 0x10000000 ADDR (.data)
                0x000000d4        0x4 LONG 0x1c SIZEOF (.data)
                0x000000d8        0x4 LONG 0x870 LOADADDR (.data_RAM2)
                0x000000dc        0x4 LONG 0x2007c000 ADDR (.data_RAM2)
                0x000000e0        0x4 LONG 0x0 SIZEOF (.data_RAM2)
                0x000000e4                __data_section_table_end = .
                0x000000e4                __bss_section_table = .
                0x000000e4        0x4 LONG 0x1000001c ADDR (.bss)
                0x000000e8        0x4 LONG 0x4008 SIZEOF (.bss)
                0x000000ec        0x4 LONG 0x2007c000 ADDR (.bss_RAM2)
                0x000000f0        0x4 LONG 0x0 SIZEOF (.bss_RAM2)
                0x000000f4                __bss_section_table_end = .
                0x000000f4                __section_table_end = .
 *(.after_vectors*)
 .after_vectors
                0x000000f4      0x12c ./src/cr_startup_lpc175x_6x.o
                0x000000f4                data_init
                0x00000138                bss_init
                0x00000170                ResetISR
                0x000001e4                NMI_Handler
                0x000001ea                HardFault_Handler
                0x000001f0                MemManage_Handler
                0x000001f6                BusFault_Handler
                0x000001fc                UsageFault_Handler
                0x00000202                SVC_Handler
                0x00000208                DebugMon_Handler
                0x0000020e                PendSV_Handler
                0x0000021a                UART1_IRQHandler
                0x0000021a                EINT3_IRQHandler
                0x0000021a                CANActivity_IRQHandler
                0x0000021a                TIMER3_IRQHandler
                0x0000021a                UART0_IRQHandler
                0x0000021a                USBActivity_IRQHandler
                0x0000021a                EINT2_IRQHandler
                0x0000021a                IntDefaultHandler
                0x0000021a                PLL0_IRQHandler
                0x0000021a                I2C0_IRQHandler
                0x0000021a                PLL1_IRQHandler
                0x0000021a                I2C1_IRQHandler
                0x0000021a                I2S_IRQHandler
                0x0000021a                I2C2_IRQHandler
                0x0000021a                RTC_IRQHandler
                0x0000021a                TIMER0_IRQHandler
                0x0000021a                SPI_IRQHandler
                0x0000021a                RIT_IRQHandler
                0x0000021a                EINT1_IRQHandler
                0x0000021a                TIMER1_IRQHandler
                0x0000021a                UART2_IRQHandler
                0x0000021a                SSP1_IRQHandler
                0x0000021a                USB_IRQHandler
                0x0000021a                BOD_IRQHandler
                0x0000021a                PWM1_IRQHandler
                0x0000021a                WDT_IRQHandler
                0x0000021a                SSP0_IRQHandler
                0x0000021a                QEI_IRQHandler
                0x0000021a                CAN_IRQHandler
                0x0000021a                DMA_IRQHandler
                0x0000021a                TIMER2_IRQHandler
                0x0000021a                UART3_IRQHandler
                0x0000021a                MCPWM_IRQHandler
                0x0000021a                ENET_IRQHandler
                0x000002fc                . = 0x2fc
 *fill*         0x00000220       0xdc ff
                0x000002fc                PROVIDE (__CRP_WORD_START__ = .)
 *(.crp)
 .crp           0x000002fc        0x4 ./src/crp.o
                0x000002fc                CRP_WORD
                0x00000300                PROVIDE (__CRP_WORD_END__ = .)
                0x00000001                ASSERT (! ((__CRP_WORD_START__ == __CRP_WORD_END__)), Linker CRP Enabled, but no CRP_WORD provided within application)
 *(.text*)
 .text.main     0x00000300        0xe ./src/motor.o
                0x00000300                main
 *fill*         0x0000030e        0x2 ff
 .text.mqe_motor
                0x00000310       0x40 ./primitivas/mqe_motor.o
                0x00000310                mqe_motor
 .text.temp     0x00000350       0x1c ./primitivas/mqe_motor.o
                0x00000350                temp
 .text.SetPINSEL
                0x0000036c       0x8a ./driver/CONFIG.o
                0x0000036c                SetPINSEL
 .text.SysTick_Handler
                0x000003f6        0xc ./driver/DR_Systick.o
                0x000003f6                SysTick_Handler
 .text.inicializacion
                0x00000402       0x20 ./driver/Inic.o
                0x00000402                inicializacion
 *fill*         0x00000422        0x2 ff
 .text.Init_Systick
                0x00000424       0x20 ./driver/Inic.o
                0x00000424                Init_Systick
 .text.Init_EINT0
                0x00000444       0x54 ./driver/Inic.o
                0x00000444                Init_EINT0
 .text.Init_GPIO_PWM
                0x00000498       0x12 ./driver/Inic.o
                0x00000498                Init_GPIO_PWM
 *fill*         0x000004aa        0x2 ff
 .text.Init_PWM
                0x000004ac       0xac ./driver/Inic.o
                0x000004ac                Init_PWM
 .text.InicPLL  0x00000558      0x140 ./driver/Oscilador.o
                0x00000558                InicPLL
 .text.ADC_init
                0x00000698       0xf4 ./driver/adc.o
                0x00000698                ADC_init
 .text.ADC_get_average
                0x0000078c       0x14 ./driver/adc.o
                0x0000078c                ADC_get_average
 .text.ADC_IRQHandler
                0x000007a0       0xa4 ./driver/adc.o
                0x000007a0                ADC_IRQHandler
 .text.EINT0_IRQHandler
                0x00000844       0x28 ./driver/extint.o
                0x00000844                EINT0_IRQHandler
 .text.__weak_main
                0x0000086c        0x4 c:/nxp/mcuxpressoide_11.3.0_5222/ide/plugins/com.nxp.mcuxpresso.tools.win32_11.3.0.202008311133/tools/bin/../lib/gcc/arm-none-eabi/9.3.1/../../../../arm-none-eabi/lib/thumb/v7-m/nofp\libcr_c.a(__weak__main.o)
                0x0000086c                __weak_main
                0x0000086c                __main
 *(.rodata .rodata.* .constdata .constdata.*)
                0x00000870                . = ALIGN (0x4)

.glue_7         0x00000870        0x0
 .glue_7        0x00000870        0x0 linker stubs

.glue_7t        0x00000870        0x0
 .glue_7t       0x00000870        0x0 linker stubs

.vfp11_veneer   0x00000870        0x0
 .vfp11_veneer  0x00000870        0x0 linker stubs

.v4_bx          0x00000870        0x0
 .v4_bx         0x00000870        0x0 linker stubs

.iplt           0x00000870        0x0
 .iplt          0x00000870        0x0 ./src/cr_startup_lpc175x_6x.o

.rel.dyn        0x00000870        0x0
 .rel.iplt      0x00000870        0x0 ./src/cr_startup_lpc175x_6x.o

.ARM.extab
 *(.ARM.extab* .gnu.linkonce.armextab.*)

.ARM.exidx      0x00000870        0x0
                0x00000870                __exidx_start = .
 *(.ARM.exidx* .gnu.linkonce.armexidx.*)
                0x00000870                __exidx_end = .
                0x00000870                _etext = .

.data_RAM2      0x2007c000        0x0 load address 0x00000870
 FILL mask 0xff
                [!provide]                PROVIDE (__start_data_RAM2 = .)
                [!provide]                PROVIDE (__start_data_RamAHB32 = .)
 *(.ramfunc.$RAM2)
 *(.ramfunc.$RamAHB32)
 *(.data.$RAM2)
 *(.data.$RamAHB32)
 *(.data.$RAM2.*)
 *(.data.$RamAHB32.*)
                0x2007c000                . = ALIGN (0x4)
                [!provide]                PROVIDE (__end_data_RAM2 = .)
                [!provide]                PROVIDE (__end_data_RamAHB32 = .)

.uninit_RESERVED
                0x10000000        0x0
                0x10000000                _start_uninit_RESERVED = .
 *(.bss.$RESERVED*)
                0x10000000                . = ALIGN (0x4)
                0x10000000                _end_uninit_RESERVED = .

.data           0x10000000       0x1c load address 0x00000870
 FILL mask 0xff
                0x10000000                _data = .
                [!provide]                PROVIDE (__start_data_RAM = .)
                [!provide]                PROVIDE (__start_data_RamLoc32 = .)
 *(vtable)
 *(.ramfunc*)
 *(CodeQuickAccess)
 *(DataQuickAccess)
 *(RamFunction)
 *(.data*)
 .data.state    0x10000000       0x18 ./primitivas/mqe_motor.o
                0x10000000                state
 .data.ADC      0x10000018        0x4 ./driver/adc.o
                0x1000001c                . = ALIGN (0x4)
                0x1000001c                _edata = .
                [!provide]                PROVIDE (__end_data_RAM = .)
                [!provide]                PROVIDE (__end_data_RamLoc32 = .)

.igot.plt       0x1000001c        0x0 load address 0x0000088c
 .igot.plt      0x1000001c        0x0 ./src/cr_startup_lpc175x_6x.o

.bss_RAM2       0x2007c000        0x0
                [!provide]                PROVIDE (__start_bss_RAM2 = .)
                [!provide]                PROVIDE (__start_bss_RamAHB32 = .)
 *(.bss.$RAM2)
 *(.bss.$RamAHB32)
 *(.bss.$RAM2.*)
 *(.bss.$RamAHB32.*)
                0x2007c000                . = ALIGN ((. != 0x0)?0x4:0x1)
                [!provide]                PROVIDE (__end_bss_RAM2 = .)
                [!provide]                PROVIDE (__end_bss_RamAHB32 = .)

.bss            0x1000001c     0x4008
                0x1000001c                _bss = .
                [!provide]                PROVIDE (__start_bss_RAM = .)
                [!provide]                PROVIDE (__start_bss_RamLoc32 = .)
 *(.bss*)
 .bss.ADC_buffer
                0x1000001c     0x3ffc ./driver/adc.o
 .bss.ADC_buffer_index
                0x10004018        0x4 ./driver/adc.o
 .bss.ADC_average
                0x1000401c        0x4 ./driver/adc.o
 .bss.acummulator.3820
                0x10004020        0x4 ./driver/adc.o
 *(COMMON)
                0x10004024                . = ALIGN (0x4)
                0x10004024                _ebss = .
                [!provide]                PROVIDE (__end_bss_RAM = .)
                [!provide]                PROVIDE (__end_bss_RamLoc32 = .)
                [!provide]                PROVIDE (end = .)

.noinit_RAM2    0x2007c000        0x0
                [!provide]                PROVIDE (__start_noinit_RAM2 = .)
                [!provide]                PROVIDE (__start_noinit_RamAHB32 = .)
 *(.noinit.$RAM2)
 *(.noinit.$RamAHB32)
 *(.noinit.$RAM2.*)
 *(.noinit.$RamAHB32.*)
                0x2007c000                . = ALIGN (0x4)
                [!provide]                PROVIDE (__end_noinit_RAM2 = .)
                [!provide]                PROVIDE (__end_noinit_RamAHB32 = .)

.noinit         0x10004024        0x0
                0x10004024                _noinit = .
                [!provide]                PROVIDE (__start_noinit_RAM = .)
                [!provide]                PROVIDE (__start_noinit_RamLoc32 = .)
 *(.noinit*)
                0x10004024                . = ALIGN (0x4)
                0x10004024                _end_noinit = .
                [!provide]                PROVIDE (__end_noinit_RAM = .)
                [!provide]                PROVIDE (__end_noinit_RamLoc32 = .)
                [!provide]                PROVIDE (_pvHeapStart = DEFINED (__user_heap_base)?__user_heap_base:.)
                0x10008000                PROVIDE (_vStackTop = DEFINED (__user_stack_top)?__user_stack_top:(__top_RamLoc32 - 0x0))
                0xefff74da                PROVIDE (__valid_user_code_checksum = (0x0 - ((((((_vStackTop + (ResetISR + 0x1)) + (NMI_Handler + 0x1)) + (HardFault_Handler + 0x1)) + (DEFINED (MemManage_Handler)?MemManage_Handler:0x0 + 0x1)) + (DEFINED (BusFault_Handler)?BusFault_Handler:0x0 + 0x1)) + (DEFINED (UsageFault_Handler)?UsageFault_Handler:0x0 + 0x1))))
                0x00000000                _image_start = LOADADDR (.text)
                0x0000088c                _image_end = (LOADADDR (.data) + SIZEOF (.data))
                0x0000088c                _image_size = (_image_end - _image_start)
OUTPUT(motor.axf elf32-littlearm)
LOAD linker stubs

.debug_info     0x00000000      0xe69
 .debug_info    0x00000000      0x276 ./src/cr_startup_lpc175x_6x.o
 .debug_info    0x00000276       0x40 ./src/crp.o
 .debug_info    0x000002b6       0x5c ./src/motor.o
 .debug_info    0x00000312       0xf9 ./primitivas/mqe_motor.o
 .debug_info    0x0000040b       0xdb ./driver/CONFIG.o
 .debug_info    0x000004e6       0xe9 ./driver/DR_Systick.o
 .debug_info    0x000005cf      0x199 ./driver/Inic.o
 .debug_info    0x00000768       0x5d ./driver/Oscilador.o
 .debug_info    0x000007c5      0x5cc ./driver/adc.o
 .debug_info    0x00000d91       0xd8 ./driver/extint.o

.debug_abbrev   0x00000000      0x677
 .debug_abbrev  0x00000000      0x12a ./src/cr_startup_lpc175x_6x.o
 .debug_abbrev  0x0000012a       0x38 ./src/crp.o
 .debug_abbrev  0x00000162       0x49 ./src/motor.o
 .debug_abbrev  0x000001ab       0xae ./primitivas/mqe_motor.o
 .debug_abbrev  0x00000259       0x89 ./driver/CONFIG.o
 .debug_abbrev  0x000002e2       0x8b ./driver/DR_Systick.o
 .debug_abbrev  0x0000036d       0xe0 ./driver/Inic.o
 .debug_abbrev  0x0000044d       0x4b ./driver/Oscilador.o
 .debug_abbrev  0x00000498      0x154 ./driver/adc.o
 .debug_abbrev  0x000005ec       0x8b ./driver/extint.o

.debug_aranges  0x00000000      0x1e8
 .debug_aranges
                0x00000000       0x80 ./src/cr_startup_lpc175x_6x.o
 .debug_aranges
                0x00000080       0x18 ./src/crp.o
 .debug_aranges
                0x00000098       0x20 ./src/motor.o
 .debug_aranges
                0x000000b8       0x28 ./primitivas/mqe_motor.o
 .debug_aranges
                0x000000e0       0x28 ./driver/CONFIG.o
 .debug_aranges
                0x00000108       0x20 ./driver/DR_Systick.o
 .debug_aranges
                0x00000128       0x40 ./driver/Inic.o
 .debug_aranges
                0x00000168       0x20 ./driver/Oscilador.o
 .debug_aranges
                0x00000188       0x40 ./driver/adc.o
 .debug_aranges
                0x000001c8       0x20 ./driver/extint.o

.debug_ranges   0x00000000      0x140
 .debug_ranges  0x00000000       0x70 ./src/cr_startup_lpc175x_6x.o
 .debug_ranges  0x00000070       0x10 ./src/motor.o
 .debug_ranges  0x00000080       0x18 ./primitivas/mqe_motor.o
 .debug_ranges  0x00000098       0x18 ./driver/CONFIG.o
 .debug_ranges  0x000000b0       0x10 ./driver/DR_Systick.o
 .debug_ranges  0x000000c0       0x30 ./driver/Inic.o
 .debug_ranges  0x000000f0       0x10 ./driver/Oscilador.o
 .debug_ranges  0x00000100       0x30 ./driver/adc.o
 .debug_ranges  0x00000130       0x10 ./driver/extint.o

.debug_macro    0x00000000     0x1f5c
 .debug_macro   0x00000000       0x1d ./src/cr_startup_lpc175x_6x.o
 .debug_macro   0x0000001d      0xaa8 ./src/cr_startup_lpc175x_6x.o
 .debug_macro   0x00000ac5       0x1a ./src/crp.o
 .debug_macro   0x00000adf       0x34 ./src/crp.o
 .debug_macro   0x00000b13       0x3f ./src/motor.o
 .debug_macro   0x00000b52       0x82 ./src/motor.o
 .debug_macro   0x00000bd4      0x4b9 ./src/motor.o
 .debug_macro   0x0000108d      0x549 ./src/motor.o
 .debug_macro   0x000015d6       0x3a ./src/motor.o
 .debug_macro   0x00001610       0x67 ./primitivas/mqe_motor.o
 .debug_macro   0x00001677       0x10 ./primitivas/mqe_motor.o
 .debug_macro   0x00001687       0x3a ./primitivas/mqe_motor.o
 .debug_macro   0x000016c1      0x413 ./primitivas/mqe_motor.o
 .debug_macro   0x00001ad4       0xbe ./primitivas/mqe_motor.o
 .debug_macro   0x00001b92       0x16 ./primitivas/mqe_motor.o
 .debug_macro   0x00001ba8       0x31 ./driver/CONFIG.o
 .debug_macro   0x00001bd9       0x29 ./driver/DR_Systick.o
 .debug_macro   0x00001c02       0x74 ./driver/Inic.o
 .debug_macro   0x00001c76       0xf4 ./driver/Inic.o
 .debug_macro   0x00001d6a      0x148 ./driver/Inic.o
 .debug_macro   0x00001eb2       0x10 ./driver/Inic.o
 .debug_macro   0x00001ec2       0x23 ./driver/Oscilador.o
 .debug_macro   0x00001ee5       0x45 ./driver/adc.o
 .debug_macro   0x00001f2a       0x32 ./driver/extint.o

.debug_line     0x00000000      0xc1d
 .debug_line    0x00000000      0x15f ./src/cr_startup_lpc175x_6x.o
 .debug_line    0x0000015f       0xb1 ./src/crp.o
 .debug_line    0x00000210      0x139 ./src/motor.o
 .debug_line    0x00000349      0x13b ./primitivas/mqe_motor.o
 .debug_line    0x00000484      0x11e ./driver/CONFIG.o
 .debug_line    0x000005a2       0x9a ./driver/DR_Systick.o
 .debug_line    0x0000063c      0x1b3 ./driver/Inic.o
 .debug_line    0x000007ef      0x1bf ./driver/Oscilador.o
 .debug_line    0x000009ae      0x1c4 ./driver/adc.o
 .debug_line    0x00000b72       0xab ./driver/extint.o

.debug_str      0x00000000     0x5e00
 .debug_str     0x00000000     0x2f79 ./src/cr_startup_lpc175x_6x.o
                               0x2f8c (size before relaxing)
 .debug_str     0x00002f79       0xe9 ./src/crp.o
                               0x2e99 (size before relaxing)
 .debug_str     0x00003062     0x2269 ./src/motor.o
                               0x5000 (size before relaxing)
 .debug_str     0x000052cb      0x334 ./primitivas/mqe_motor.o
                               0x4cc1 (size before relaxing)
 .debug_str     0x000055ff       0x49 ./driver/CONFIG.o
                               0x4986 (size before relaxing)
 .debug_str     0x00005648       0x2c ./driver/DR_Systick.o
                               0x2ec7 (size before relaxing)
 .debug_str     0x00005674      0x50e ./driver/Inic.o
                               0x519f (size before relaxing)
 .debug_str     0x00005b82       0x1e ./driver/Oscilador.o
                               0x4194 (size before relaxing)
 .debug_str     0x00005ba0      0x23c ./driver/adc.o
                               0x4bd4 (size before relaxing)
 .debug_str     0x00005ddc       0x24 ./driver/extint.o
                               0x3d70 (size before relaxing)

.comment        0x00000000       0x4c
 .comment       0x00000000       0x4c ./src/cr_startup_lpc175x_6x.o
                                 0x4d (size before relaxing)
 .comment       0x0000004c       0x4d ./src/crp.o
 .comment       0x0000004c       0x4d ./src/motor.o
 .comment       0x0000004c       0x4d ./primitivas/mqe_motor.o
 .comment       0x0000004c       0x4d ./driver/CONFIG.o
 .comment       0x0000004c       0x4d ./driver/DR_Systick.o
 .comment       0x0000004c       0x4d ./driver/Inic.o
 .comment       0x0000004c       0x4d ./driver/Oscilador.o
 .comment       0x0000004c       0x4d ./driver/adc.o
 .comment       0x0000004c       0x4d ./driver/extint.o
 .comment       0x0000004c       0x4d c:/nxp/mcuxpressoide_11.3.0_5222/ide/plugins/com.nxp.mcuxpresso.tools.win32_11.3.0.202008311133/tools/bin/../lib/gcc/arm-none-eabi/9.3.1/../../../../arm-none-eabi/lib/thumb/v7-m/nofp\libcr_c.a(__weak__main.o)

.ARM.attributes
                0x00000000       0x2d
 .ARM.attributes
                0x00000000       0x2d ./src/cr_startup_lpc175x_6x.o
 .ARM.attributes
                0x0000002d       0x33 ./src/crp.o
 .ARM.attributes
                0x00000060       0x2d ./src/motor.o
 .ARM.attributes
                0x0000008d       0x2d ./primitivas/mqe_motor.o
 .ARM.attributes
                0x000000ba       0x2d ./driver/CONFIG.o
 .ARM.attributes
                0x000000e7       0x2d ./driver/DR_Systick.o
 .ARM.attributes
                0x00000114       0x2d ./driver/Inic.o
 .ARM.attributes
                0x00000141       0x2d ./driver/Oscilador.o
 .ARM.attributes
                0x0000016e       0x2d ./driver/adc.o
 .ARM.attributes
                0x0000019b       0x2d ./driver/extint.o
 .ARM.attributes
                0x000001c8       0x2d c:/nxp/mcuxpressoide_11.3.0_5222/ide/plugins/com.nxp.mcuxpresso.tools.win32_11.3.0.202008311133/tools/bin/../lib/gcc/arm-none-eabi/9.3.1/../../../../arm-none-eabi/lib/thumb/v7-m/nofp\libcr_c.a(__weak__main.o)

.debug_frame    0x00000000      0x428
 .debug_frame   0x00000000      0x170 ./src/cr_startup_lpc175x_6x.o
 .debug_frame   0x00000170       0x2c ./src/motor.o
 .debug_frame   0x0000019c       0x48 ./primitivas/mqe_motor.o
 .debug_frame   0x000001e4       0x60 ./driver/CONFIG.o
 .debug_frame   0x00000244       0x30 ./driver/DR_Systick.o
 .debug_frame   0x00000274       0xa4 ./driver/Inic.o
 .debug_frame   0x00000318       0x30 ./driver/Oscilador.o
 .debug_frame   0x00000348       0xb0 ./driver/adc.o
 .debug_frame   0x000003f8       0x30 ./driver/extint.o

Cross Reference Table

Symbol                                            File
ADC_IRQHandler                                    ./driver/adc.o
                                                  ./src/cr_startup_lpc175x_6x.o
ADC_get_average                                   ./driver/adc.o
                                                  ./primitivas/mqe_motor.o
ADC_init                                          ./driver/adc.o
                                                  ./driver/Inic.o
ADC_start_conversion                              ./driver/adc.o
BOD_IRQHandler                                    ./src/cr_startup_lpc175x_6x.o
BusFault_Handler                                  ./src/cr_startup_lpc175x_6x.o
CANActivity_IRQHandler                            ./src/cr_startup_lpc175x_6x.o
CAN_IRQHandler                                    ./src/cr_startup_lpc175x_6x.o
CRP_WORD                                          ./src/crp.o
DMA_IRQHandler                                    ./src/cr_startup_lpc175x_6x.o
DebugMon_Handler                                  ./src/cr_startup_lpc175x_6x.o
EINT0_IRQHandler                                  ./driver/extint.o
                                                  ./src/cr_startup_lpc175x_6x.o
EINT1_IRQHandler                                  ./src/cr_startup_lpc175x_6x.o
EINT2_IRQHandler                                  ./src/cr_startup_lpc175x_6x.o
EINT3_IRQHandler                                  ./src/cr_startup_lpc175x_6x.o
ENET_IRQHandler                                   ./src/cr_startup_lpc175x_6x.o
GetPIN                                            ./driver/GPIO.o
HardFault_Handler                                 ./src/cr_startup_lpc175x_6x.o
I2C0_IRQHandler                                   ./src/cr_startup_lpc175x_6x.o
I2C1_IRQHandler                                   ./src/cr_startup_lpc175x_6x.o
I2C2_IRQHandler                                   ./src/cr_startup_lpc175x_6x.o
I2S_IRQHandler                                    ./src/cr_startup_lpc175x_6x.o
InicPLL                                           ./driver/Oscilador.o
                                                  ./driver/Inic.o
Iniciar_apertura                                  ./driver/PWM_Salidas.o
Iniciar_cerrando                                  ./driver/PWM_Salidas.o
Init_EINT0                                        ./driver/Inic.o
Init_GPIO_PWM                                     ./driver/Inic.o
Init_PWM                                          ./driver/Inic.o
Init_Systick                                      ./driver/Inic.o
IntDefaultHandler                                 ./src/cr_startup_lpc175x_6x.o
MCPWM_IRQHandler                                  ./src/cr_startup_lpc175x_6x.o
MemManage_Handler                                 ./src/cr_startup_lpc175x_6x.o
NMI_Handler                                       ./src/cr_startup_lpc175x_6x.o
PLL0_IRQHandler                                   ./src/cr_startup_lpc175x_6x.o
PLL1_IRQHandler                                   ./src/cr_startup_lpc175x_6x.o
PWM1_IRQHandler                                   ./src/cr_startup_lpc175x_6x.o
PendSV_Handler                                    ./src/cr_startup_lpc175x_6x.o
QEI_IRQHandler                                    ./src/cr_startup_lpc175x_6x.o
RIT_IRQHandler                                    ./src/cr_startup_lpc175x_6x.o
RTC_IRQHandler                                    ./src/cr_startup_lpc175x_6x.o
ResetISR                                          ./src/cr_startup_lpc175x_6x.o
SPI_IRQHandler                                    ./src/cr_startup_lpc175x_6x.o
SSP0_IRQHandler                                   ./src/cr_startup_lpc175x_6x.o
SSP1_IRQHandler                                   ./src/cr_startup_lpc175x_6x.o
SVC_Handler                                       ./src/cr_startup_lpc175x_6x.o
SetDIR                                            ./driver/GPIO.o
SetPIN                                            ./driver/GPIO.o
SetPINMODE                                        ./driver/CONFIG.o
SetPINSEL                                         ./driver/CONFIG.o
                                                  ./driver/adc.o
                                                  ./driver/Inic.o
SysTick_Handler                                   ./driver/DR_Systick.o
                                                  ./src/cr_startup_lpc175x_6x.o
TIMER0_IRQHandler                                 ./src/cr_startup_lpc175x_6x.o
TIMER1_IRQHandler                                 ./src/cr_startup_lpc175x_6x.o
TIMER2_IRQHandler                                 ./src/cr_startup_lpc175x_6x.o
TIMER3_IRQHandler                                 ./src/cr_startup_lpc175x_6x.o
TimeADC                                           ./driver/adc.o
UART0_IRQHandler                                  ./src/cr_startup_lpc175x_6x.o
UART1_IRQHandler                                  ./src/cr_startup_lpc175x_6x.o
UART2_IRQHandler                                  ./src/cr_startup_lpc175x_6x.o
UART3_IRQHandler                                  ./src/cr_startup_lpc175x_6x.o
USBActivity_IRQHandler                            ./src/cr_startup_lpc175x_6x.o
USB_IRQHandler                                    ./src/cr_startup_lpc175x_6x.o
UsageFault_Handler                                ./src/cr_startup_lpc175x_6x.o
WDT_IRQHandler                                    ./src/cr_startup_lpc175x_6x.o
__bss_section_table_end                           ./src/cr_startup_lpc175x_6x.o
__data_section_table                              ./src/cr_startup_lpc175x_6x.o
__data_section_table_end                          ./src/cr_startup_lpc175x_6x.o
__main                                            c:/nxp/mcuxpressoide_11.3.0_5222/ide/plugins/com.nxp.mcuxpresso.tools.win32_11.3.0.202008311133/tools/bin/../lib/gcc/arm-none-eabi/9.3.1/../../../../arm-none-eabi/lib/thumb/v7-m/nofp\libcr_c.a(__weak__main.o)
                                                  ./src/cr_startup_lpc175x_6x.o
__valid_user_code_checksum                        ./src/cr_startup_lpc175x_6x.o
__weak_main                                       c:/nxp/mcuxpressoide_11.3.0_5222/ide/plugins/com.nxp.mcuxpresso.tools.win32_11.3.0.202008311133/tools/bin/../lib/gcc/arm-none-eabi/9.3.1/../../../../arm-none-eabi/lib/thumb/v7-m/nofp\libcr_c.a(__weak__main.o)
_vStackTop                                        ./src/cr_startup_lpc175x_6x.o
bss_init                                          ./src/cr_startup_lpc175x_6x.o
data_init                                         ./src/cr_startup_lpc175x_6x.o
g_pfnVectors                                      ./src/cr_startup_lpc175x_6x.o
inicializacion                                    ./driver/Inic.o
                                                  ./src/motor.o
main                                              ./src/motor.o
                                                  c:/nxp/mcuxpressoide_11.3.0_5222/ide/plugins/com.nxp.mcuxpresso.tools.win32_11.3.0.202008311133/tools/bin/../lib/gcc/arm-none-eabi/9.3.1/../../../../arm-none-eabi/lib/thumb/v7-m/nofp\libcr_c.a(__weak__main.o)
mqe_motor                                         ./primitivas/mqe_motor.o
                                                  ./src/motor.o
state                                             ./primitivas/mqe_motor.o
                                                  ./driver/extint.o
temp                                              ./primitivas/mqe_motor.o
