Archive member included to satisfy reference by file (symbol)

c:/nxp/mcuxpressoide_11.3.0_5222/ide/plugins/com.nxp.mcuxpresso.tools.win32_11.3.0.202008311133/tools/bin/../lib/gcc/arm-none-eabi/9.3.1/../../../../arm-none-eabi/lib/thumb/v7-m/nofp\libcr_c.a(__weak__main.o)
                              ./src/cr_startup_lpc175x_6x.o (__main)

Discarded input sections

 .text          0x00000000        0x0 ./src/cr_startup_lpc175x_6x.o
 .data          0x00000000        0x0 ./src/cr_startup_lpc175x_6x.o
 .bss           0x00000000        0x0 ./src/cr_startup_lpc175x_6x.o
 .text          0x00000000        0x0 ./src/crp.o
 .data          0x00000000        0x0 ./src/crp.o
 .bss           0x00000000        0x0 ./src/crp.o
 .text          0x00000000        0x0 ./src/motor3.o
 .data          0x00000000        0x0 ./src/motor3.o
 .bss           0x00000000        0x0 ./src/motor3.o
 .text          0x00000000        0x0 ./primitivas/mqe_motor.o
 .data          0x00000000        0x0 ./primitivas/mqe_motor.o
 .bss           0x00000000        0x0 ./primitivas/mqe_motor.o
 .text          0x00000000        0x0 ./driver/CONFIG.o
 .data          0x00000000        0x0 ./driver/CONFIG.o
 .bss           0x00000000        0x0 ./driver/CONFIG.o
 .text.SetPINMODE
                0x00000000       0x38 ./driver/CONFIG.o
 .text          0x00000000        0x0 ./driver/DR_Systick.o
 .data          0x00000000        0x0 ./driver/DR_Systick.o
 .bss           0x00000000        0x0 ./driver/DR_Systick.o
 .text          0x00000000        0x0 ./driver/GPIO.o
 .data          0x00000000        0x0 ./driver/GPIO.o
 .bss           0x00000000        0x0 ./driver/GPIO.o
 .text.SetDIR   0x00000000       0x26 ./driver/GPIO.o
 .text.SetPIN   0x00000000       0x2a ./driver/GPIO.o
 .text.GetPIN   0x00000000       0x22 ./driver/GPIO.o
 .debug_info    0x00000000      0x134 ./driver/GPIO.o
 .debug_abbrev  0x00000000       0xcc ./driver/GPIO.o
 .debug_loc     0x00000000      0x128 ./driver/GPIO.o
 .debug_aranges
                0x00000000       0x30 ./driver/GPIO.o
 .debug_ranges  0x00000000       0x20 ./driver/GPIO.o
 .debug_line    0x00000000      0x132 ./driver/GPIO.o
 .debug_str     0x00000000      0x17c ./driver/GPIO.o
 .comment       0x00000000       0x4d ./driver/GPIO.o
 .debug_frame   0x00000000       0x50 ./driver/GPIO.o
 .ARM.attributes
                0x00000000       0x2d ./driver/GPIO.o
 .text          0x00000000        0x0 ./driver/Inic.o
 .data          0x00000000        0x0 ./driver/Inic.o
 .bss           0x00000000        0x0 ./driver/Inic.o
 .text          0x00000000        0x0 ./driver/Oscilador.o
 .data          0x00000000        0x0 ./driver/Oscilador.o
 .bss           0x00000000        0x0 ./driver/Oscilador.o
 .text          0x00000000        0x0 ./driver/PWM_Salidas.o
 .data          0x00000000        0x0 ./driver/PWM_Salidas.o
 .bss           0x00000000        0x0 ./driver/PWM_Salidas.o
 .text.Iniciar_apertura
                0x00000000       0x1c ./driver/PWM_Salidas.o
 .text.Iniciar_cerrando
                0x00000000       0x1c ./driver/PWM_Salidas.o
 .debug_info    0x00000000       0x7c ./driver/PWM_Salidas.o
 .debug_abbrev  0x00000000       0x4f ./driver/PWM_Salidas.o
 .debug_aranges
                0x00000000       0x28 ./driver/PWM_Salidas.o
 .debug_ranges  0x00000000       0x18 ./driver/PWM_Salidas.o
 .debug_line    0x00000000       0xcd ./driver/PWM_Salidas.o
 .debug_str     0x00000000      0x179 ./driver/PWM_Salidas.o
 .comment       0x00000000       0x4d ./driver/PWM_Salidas.o
 .debug_frame   0x00000000       0x30 ./driver/PWM_Salidas.o
 .ARM.attributes
                0x00000000       0x2d ./driver/PWM_Salidas.o
 .text          0x00000000        0x0 ./driver/adc.o
 .data          0x00000000        0x0 ./driver/adc.o
 .bss           0x00000000        0x0 ./driver/adc.o
 .text.ADC_start_conversion
                0x00000000       0x14 ./driver/adc.o
 .text.TimeADC  0x00000000       0x20 ./driver/adc.o
 .bss.adc_counter.3825
                0x00000000        0x4 ./driver/adc.o
 .text          0x00000000        0x0 ./driver/extint.o
 .data          0x00000000        0x0 ./driver/extint.o
 .bss           0x00000000        0x0 ./driver/extint.o
 .text          0x00000000        0x0 c:/nxp/mcuxpressoide_11.3.0_5222/ide/plugins/com.nxp.mcuxpresso.tools.win32_11.3.0.202008311133/tools/bin/../lib/gcc/arm-none-eabi/9.3.1/../../../../arm-none-eabi/lib/thumb/v7-m/nofp\libcr_c.a(__weak__main.o)
 .data          0x00000000        0x0 c:/nxp/mcuxpressoide_11.3.0_5222/ide/plugins/com.nxp.mcuxpresso.tools.win32_11.3.0.202008311133/tools/bin/../lib/gcc/arm-none-eabi/9.3.1/../../../../arm-none-eabi/lib/thumb/v7-m/nofp\libcr_c.a(__weak__main.o)
 .bss           0x00000000        0x0 c:/nxp/mcuxpressoide_11.3.0_5222/ide/plugins/com.nxp.mcuxpresso.tools.win32_11.3.0.202008311133/tools/bin/../lib/gcc/arm-none-eabi/9.3.1/../../../../arm-none-eabi/lib/thumb/v7-m/nofp\libcr_c.a(__weak__main.o)

Memory Configuration

Name             Origin             Length             Attributes
MFlash512        0x00000000         0x00080000         xr
RamLoc32         0x10000000         0x00008000         xrw
RamAHB32         0x2007c000         0x00008000         xrw
*default*        0x00000000         0xffffffff

Linker script and memory map

LOAD ./src/cr_startup_lpc175x_6x.o
LOAD ./src/crp.o
LOAD ./src/motor3.o
LOAD ./primitivas/mqe_motor.o
LOAD ./driver/CONFIG.o
LOAD ./driver/DR_Systick.o
LOAD ./driver/GPIO.o
LOAD ./driver/Inic.o
LOAD ./driver/Oscilador.o
LOAD ./driver/PWM_Salidas.o
LOAD ./driver/adc.o
LOAD ./driver/extint.o
START GROUP
LOAD c:/nxp/mcuxpressoide_11.3.0_5222/ide/plugins/com.nxp.mcuxpresso.tools.win32_11.3.0.202008311133/tools/bin/../lib/gcc/arm-none-eabi/9.3.1/../../../../arm-none-eabi/lib/thumb/v7-m/nofp\libcr_c.a
LOAD c:/nxp/mcuxpressoide_11.3.0_5222/ide/plugins/com.nxp.mcuxpresso.tools.win32_11.3.0.202008311133/tools/bin/../lib/gcc/arm-none-eabi/9.3.1/thumb/v7-m/nofp\libcr_eabihelpers.a
LOAD c:/nxp/mcuxpressoide_11.3.0_5222/ide/plugins/com.nxp.mcuxpresso.tools.win32_11.3.0.202008311133/tools/bin/../lib/gcc/arm-none-eabi/9.3.1/thumb/v7-m/nofp\libgcc.a
END GROUP
                0x00000000                __base_MFlash512 = 0x0
                0x00000000                __base_Flash = 0x0
                0x00080000                __top_MFlash512 = 0x80000
                0x00080000                __top_Flash = 0x80000
                0x10000000                __base_RamLoc32 = 0x10000000
                0x10000000                __base_RAM = 0x10000000
                0x10008000                __top_RamLoc32 = 0x10008000
                0x10008000                __top_RAM = 0x10008000
                0x2007c000                __base_RamAHB32 = 0x2007c000
                0x2007c000                __base_RAM2 = 0x2007c000
                0x20084000                __top_RamAHB32 = 0x20084000
                0x20084000                __top_RAM2 = 0x20084000

.text           0x00000000      0x690
 FILL mask 0xff
                0x00000000                __vectors_start__ = ABSOLUTE (.)
 *(.isr_vector)
 .isr_vector    0x00000000       0xcc ./src/cr_startup_lpc175x_6x.o
                0x00000000                g_pfnVectors
                0x000000cc                . = ALIGN (0x4)
                0x000000cc                __section_table_start = .
                0x000000cc                __data_section_table = .
                0x000000cc        0x4 LONG 0x690 LOADADDR (.data)
                0x000000d0        0x4 LONG 0x10000000 ADDR (.data)
                0x000000d4        0x4 LONG 0x18 SIZEOF (.data)
                0x000000d8        0x4 LONG 0x690 LOADADDR (.data_RAM2)
                0x000000dc        0x4 LONG 0x2007c000 ADDR (.data_RAM2)
                0x000000e0        0x4 LONG 0x0 SIZEOF (.data_RAM2)
                0x000000e4                __data_section_table_end = .
                0x000000e4                __bss_section_table = .
                0x000000e4        0x4 LONG 0x10000018 ADDR (.bss)
                0x000000e8        0x4 LONG 0x4008 SIZEOF (.bss)
                0x000000ec        0x4 LONG 0x2007c000 ADDR (.bss_RAM2)
                0x000000f0        0x4 LONG 0x0 SIZEOF (.bss_RAM2)
                0x000000f4                __bss_section_table_end = .
                0x000000f4                __section_table_end = .
 *(.after_vectors*)
 .after_vectors
                0x000000f4       0x74 ./src/cr_startup_lpc175x_6x.o
                0x000000f4                NMI_Handler
                0x000000f6                HardFault_Handler
                0x000000f8                MemManage_Handler
                0x000000fa                BusFault_Handler
                0x000000fc                UsageFault_Handler
                0x000000fe                SVC_Handler
                0x00000100                DebugMon_Handler
                0x00000102                PendSV_Handler
                0x00000106                USBActivity_IRQHandler
                0x00000106                I2C1_IRQHandler
                0x00000106                EINT2_IRQHandler
                0x00000106                UART1_IRQHandler
                0x00000106                EINT3_IRQHandler
                0x00000106                CANActivity_IRQHandler
                0x00000106                TIMER3_IRQHandler
                0x00000106                UART0_IRQHandler
                0x00000106                MCPWM_IRQHandler
                0x00000106                I2C0_IRQHandler
                0x00000106                IntDefaultHandler
                0x00000106                RIT_IRQHandler
                0x00000106                CAN_IRQHandler
                0x00000106                PLL1_IRQHandler
                0x00000106                SSP0_IRQHandler
                0x00000106                I2S_IRQHandler
                0x00000106                I2C2_IRQHandler
                0x00000106                RTC_IRQHandler
                0x00000106                TIMER0_IRQHandler
                0x00000106                SPI_IRQHandler
                0x00000106                UART3_IRQHandler
                0x00000106                EINT1_IRQHandler
                0x00000106                TIMER1_IRQHandler
                0x00000106                UART2_IRQHandler
                0x00000106                SSP1_IRQHandler
                0x00000106                USB_IRQHandler
                0x00000106                BOD_IRQHandler
                0x00000106                PWM1_IRQHandler
                0x00000106                WDT_IRQHandler
                0x00000106                PLL0_IRQHandler
                0x00000106                QEI_IRQHandler
                0x00000106                TIMER2_IRQHandler
                0x00000106                DMA_IRQHandler
                0x00000106                ENET_IRQHandler
                0x00000108                data_init
                0x0000011a                bss_init
                0x0000012a                ResetISR
                0x000002fc                . = 0x2fc
 *fill*         0x00000168      0x194 ff
                0x000002fc                PROVIDE (__CRP_WORD_START__ = .)
 *(.crp)
 .crp           0x000002fc        0x4 ./src/crp.o
                0x000002fc                CRP_WORD
                0x00000300                PROVIDE (__CRP_WORD_END__ = .)
                0x00000001                ASSERT (! ((__CRP_WORD_START__ == __CRP_WORD_END__)), Linker CRP Enabled, but no CRP_WORD provided within application)
 *(.text*)
 .text.startup.main
                0x00000300        0xc ./src/motor3.o
                0x00000300                main
 .text.temp     0x0000030c        0xe ./primitivas/mqe_motor.o
                0x0000030c                temp
 *fill*         0x0000031a        0x2 ff
 .text.mqe_motor
                0x0000031c       0x2c ./primitivas/mqe_motor.o
                0x0000031c                mqe_motor
 .text.SetPINSEL
                0x00000348       0x32 ./driver/CONFIG.o
                0x00000348                SetPINSEL
 .text.SysTick_Handler
                0x0000037a        0x2 ./driver/DR_Systick.o
                0x0000037a                SysTick_Handler
 .text.Init_Systick
                0x0000037c       0x14 ./driver/Inic.o
                0x0000037c                Init_Systick
 .text.Init_EINT0
                0x00000390       0x3c ./driver/Inic.o
                0x00000390                Init_EINT0
 .text.Init_GPIO_PWM
                0x000003cc        0xa ./driver/Inic.o
                0x000003cc                Init_GPIO_PWM
 *fill*         0x000003d6        0x2 ff
 .text.Init_PWM
                0x000003d8       0x74 ./driver/Inic.o
                0x000003d8                Init_PWM
 .text.inicializacion
                0x0000044c       0x1e ./driver/Inic.o
                0x0000044c                inicializacion
 *fill*         0x0000046a        0x2 ff
 .text.InicPLL  0x0000046c       0xe8 ./driver/Oscilador.o
                0x0000046c                InicPLL
 .text.ADC_init
                0x00000554       0xb0 ./driver/adc.o
                0x00000554                ADC_init
 .text.ADC_get_average
                0x00000604        0xc ./driver/adc.o
                0x00000604                ADC_get_average
 .text.ADC_IRQHandler
                0x00000610       0x60 ./driver/adc.o
                0x00000610                ADC_IRQHandler
 .text.EINT0_IRQHandler
                0x00000670       0x1c ./driver/extint.o
                0x00000670                EINT0_IRQHandler
 .text.__weak_main
                0x0000068c        0x4 c:/nxp/mcuxpressoide_11.3.0_5222/ide/plugins/com.nxp.mcuxpresso.tools.win32_11.3.0.202008311133/tools/bin/../lib/gcc/arm-none-eabi/9.3.1/../../../../arm-none-eabi/lib/thumb/v7-m/nofp\libcr_c.a(__weak__main.o)
                0x0000068c                __weak_main
                0x0000068c                __main
 *(.rodata .rodata.* .constdata .constdata.*)
                0x00000690                . = ALIGN (0x4)

.glue_7         0x00000690        0x0
 .glue_7        0x00000690        0x0 linker stubs

.glue_7t        0x00000690        0x0
 .glue_7t       0x00000690        0x0 linker stubs

.vfp11_veneer   0x00000690        0x0
 .vfp11_veneer  0x00000690        0x0 linker stubs

.v4_bx          0x00000690        0x0
 .v4_bx         0x00000690        0x0 linker stubs

.iplt           0x00000690        0x0
 .iplt          0x00000690        0x0 ./src/cr_startup_lpc175x_6x.o

.rel.dyn        0x00000690        0x0
 .rel.iplt      0x00000690        0x0 ./src/cr_startup_lpc175x_6x.o

.ARM.extab
 *(.ARM.extab* .gnu.linkonce.armextab.*)

.ARM.exidx      0x00000690        0x0
                0x00000690                __exidx_start = .
 *(.ARM.exidx* .gnu.linkonce.armexidx.*)
                0x00000690                __exidx_end = .
                0x00000690                _etext = .

.data_RAM2      0x2007c000        0x0 load address 0x00000690
 FILL mask 0xff
                [!provide]                PROVIDE (__start_data_RAM2 = .)
                [!provide]                PROVIDE (__start_data_RamAHB32 = .)
 *(.ramfunc.$RAM2)
 *(.ramfunc.$RamAHB32)
 *(.data.$RAM2)
 *(.data.$RamAHB32)
 *(.data.$RAM2.*)
 *(.data.$RamAHB32.*)
                0x2007c000                . = ALIGN (0x4)
                [!provide]                PROVIDE (__end_data_RAM2 = .)
                [!provide]                PROVIDE (__end_data_RamAHB32 = .)

.uninit_RESERVED
                0x10000000        0x0
                0x10000000                _start_uninit_RESERVED = .
 *(.bss.$RESERVED*)
                0x10000000                . = ALIGN (0x4)
                0x10000000                _end_uninit_RESERVED = .

.data           0x10000000       0x18 load address 0x00000690
 FILL mask 0xff
                0x10000000                _data = .
                [!provide]                PROVIDE (__start_data_RAM = .)
                [!provide]                PROVIDE (__start_data_RamLoc32 = .)
 *(vtable)
 *(.ramfunc*)
 *(CodeQuickAccess)
 *(DataQuickAccess)
 *(RamFunction)
 *(.data*)
 .data.state    0x10000000       0x18 ./primitivas/mqe_motor.o
                0x10000000                state
                0x10000018                . = ALIGN (0x4)
                0x10000018                _edata = .
                [!provide]                PROVIDE (__end_data_RAM = .)
                [!provide]                PROVIDE (__end_data_RamLoc32 = .)

.igot.plt       0x10000018        0x0 load address 0x000006a8
 .igot.plt      0x10000018        0x0 ./src/cr_startup_lpc175x_6x.o

.bss_RAM2       0x2007c000        0x0
                [!provide]                PROVIDE (__start_bss_RAM2 = .)
                [!provide]                PROVIDE (__start_bss_RamAHB32 = .)
 *(.bss.$RAM2)
 *(.bss.$RamAHB32)
 *(.bss.$RAM2.*)
 *(.bss.$RamAHB32.*)
                0x2007c000                . = ALIGN ((. != 0x0)?0x4:0x1)
                [!provide]                PROVIDE (__end_bss_RAM2 = .)
                [!provide]                PROVIDE (__end_bss_RamAHB32 = .)

.bss            0x10000018     0x4008
                0x10000018                _bss = .
                [!provide]                PROVIDE (__start_bss_RAM = .)
                [!provide]                PROVIDE (__start_bss_RamLoc32 = .)
 *(.bss*)
 .bss.ADC_average
                0x10000018        0x4 ./driver/adc.o
 .bss.ADC_buffer
                0x1000001c     0x3ffc ./driver/adc.o
 .bss.ADC_buffer_index
                0x10004018        0x4 ./driver/adc.o
 .bss.acummulator.3820
                0x1000401c        0x4 ./driver/adc.o
 *(COMMON)
                0x10004020                . = ALIGN (0x4)
                0x10004020                _ebss = .
                [!provide]                PROVIDE (__end_bss_RAM = .)
                [!provide]                PROVIDE (__end_bss_RamLoc32 = .)
                [!provide]                PROVIDE (end = .)

.noinit_RAM2    0x2007c000        0x0
                [!provide]                PROVIDE (__start_noinit_RAM2 = .)
                [!provide]                PROVIDE (__start_noinit_RamAHB32 = .)
 *(.noinit.$RAM2)
 *(.noinit.$RamAHB32)
 *(.noinit.$RAM2.*)
 *(.noinit.$RamAHB32.*)
                0x2007c000                . = ALIGN (0x4)
                [!provide]                PROVIDE (__end_noinit_RAM2 = .)
                [!provide]                PROVIDE (__end_noinit_RamAHB32 = .)

.noinit         0x10004020        0x0
                0x10004020                _noinit = .
                [!provide]                PROVIDE (__start_noinit_RAM = .)
                [!provide]                PROVIDE (__start_noinit_RamLoc32 = .)
 *(.noinit*)
                0x10004020                . = ALIGN (0x4)
                0x10004020                _end_noinit = .
                [!provide]                PROVIDE (__end_noinit_RAM = .)
                [!provide]                PROVIDE (__end_noinit_RamLoc32 = .)
                [!provide]                PROVIDE (_pvHeapStart = DEFINED (__user_heap_base)?__user_heap_base:.)
                0x10008000                PROVIDE (_vStackTop = DEFINED (__user_stack_top)?__user_stack_top:(__top_RamLoc32 - 0x0))
                0xefff79f8                PROVIDE (__valid_user_code_checksum = (0x0 - ((((((_vStackTop + (ResetISR + 0x1)) + (NMI_Handler + 0x1)) + (HardFault_Handler + 0x1)) + (DEFINED (MemManage_Handler)?MemManage_Handler:0x0 + 0x1)) + (DEFINED (BusFault_Handler)?BusFault_Handler:0x0 + 0x1)) + (DEFINED (UsageFault_Handler)?UsageFault_Handler:0x0 + 0x1))))
                0x00000000                _image_start = LOADADDR (.text)
                0x000006a8                _image_end = (LOADADDR (.data) + SIZEOF (.data))
                0x000006a8                _image_size = (_image_end - _image_start)
OUTPUT(motor.axf elf32-littlearm)
LOAD linker stubs

.debug_info     0x00000000      0xff4
 .debug_info    0x00000000      0x2e3 ./src/cr_startup_lpc175x_6x.o
 .debug_info    0x000002e3       0x3c ./src/crp.o
 .debug_info    0x0000031f       0x87 ./src/motor3.o
 .debug_info    0x000003a6      0x11d ./primitivas/mqe_motor.o
 .debug_info    0x000004c3       0xf5 ./driver/CONFIG.o
 .debug_info    0x000005b8       0xe5 ./driver/DR_Systick.o
 .debug_info    0x0000069d      0x230 ./driver/Inic.o
 .debug_info    0x000008cd       0x59 ./driver/Oscilador.o
 .debug_info    0x00000926      0x5fa ./driver/adc.o
 .debug_info    0x00000f20       0xd4 ./driver/extint.o

.debug_abbrev   0x00000000      0x747
 .debug_abbrev  0x00000000      0x166 ./src/cr_startup_lpc175x_6x.o
 .debug_abbrev  0x00000166       0x35 ./src/crp.o
 .debug_abbrev  0x0000019b       0x66 ./src/motor3.o
 .debug_abbrev  0x00000201       0xcd ./primitivas/mqe_motor.o
 .debug_abbrev  0x000002ce       0x8c ./driver/CONFIG.o
 .debug_abbrev  0x0000035a       0x88 ./driver/DR_Systick.o
 .debug_abbrev  0x000003e2      0x130 ./driver/Inic.o
 .debug_abbrev  0x00000512       0x48 ./driver/Oscilador.o
 .debug_abbrev  0x0000055a      0x165 ./driver/adc.o
 .debug_abbrev  0x000006bf       0x88 ./driver/extint.o

.debug_loc      0x00000000      0x2c8
 .debug_loc     0x00000000      0x16a ./src/cr_startup_lpc175x_6x.o
 .debug_loc     0x0000016a      0x139 ./driver/CONFIG.o
 .debug_loc     0x000002a3       0x25 ./driver/adc.o

.debug_aranges  0x00000000      0x1e8
 .debug_aranges
                0x00000000       0x80 ./src/cr_startup_lpc175x_6x.o
 .debug_aranges
                0x00000080       0x18 ./src/crp.o
 .debug_aranges
                0x00000098       0x20 ./src/motor3.o
 .debug_aranges
                0x000000b8       0x28 ./primitivas/mqe_motor.o
 .debug_aranges
                0x000000e0       0x28 ./driver/CONFIG.o
 .debug_aranges
                0x00000108       0x20 ./driver/DR_Systick.o
 .debug_aranges
                0x00000128       0x40 ./driver/Inic.o
 .debug_aranges
                0x00000168       0x20 ./driver/Oscilador.o
 .debug_aranges
                0x00000188       0x40 ./driver/adc.o
 .debug_aranges
                0x000001c8       0x20 ./driver/extint.o

.debug_ranges   0x00000000      0x140
 .debug_ranges  0x00000000       0x70 ./src/cr_startup_lpc175x_6x.o
 .debug_ranges  0x00000070       0x10 ./src/motor3.o
 .debug_ranges  0x00000080       0x18 ./primitivas/mqe_motor.o
 .debug_ranges  0x00000098       0x18 ./driver/CONFIG.o
 .debug_ranges  0x000000b0       0x10 ./driver/DR_Systick.o
 .debug_ranges  0x000000c0       0x30 ./driver/Inic.o
 .debug_ranges  0x000000f0       0x10 ./driver/Oscilador.o
 .debug_ranges  0x00000100       0x30 ./driver/adc.o
 .debug_ranges  0x00000130       0x10 ./driver/extint.o

.debug_line     0x00000000      0xd50
 .debug_line    0x00000000      0x284 ./src/cr_startup_lpc175x_6x.o
 .debug_line    0x00000284       0x2d ./src/crp.o
 .debug_line    0x000002b1       0xbb ./src/motor3.o
 .debug_line    0x0000036c      0x10c ./primitivas/mqe_motor.o
 .debug_line    0x00000478      0x120 ./driver/CONFIG.o
 .debug_line    0x00000598       0x9f ./driver/DR_Systick.o
 .debug_line    0x00000637      0x1e4 ./driver/Inic.o
 .debug_line    0x0000081b      0x241 ./driver/Oscilador.o
 .debug_line    0x00000a5c      0x249 ./driver/adc.o
 .debug_line    0x00000ca5       0xab ./driver/extint.o

.debug_str      0x00000000      0x70a
 .debug_str     0x00000000      0x294 ./src/cr_startup_lpc175x_6x.o
                                0x2a7 (size before relaxing)
 .debug_str     0x00000294       0x16 ./src/crp.o
                                0x122 (size before relaxing)
 .debug_str     0x000002aa       0x4a ./src/motor3.o
                                0x15b (size before relaxing)
 .debug_str     0x000002f4       0x7b ./primitivas/mqe_motor.o
                                0x1ba (size before relaxing)
 .debug_str     0x0000036f       0x49 ./driver/CONFIG.o
                                0x17f (size before relaxing)
 .debug_str     0x000003b8       0x2c ./driver/DR_Systick.o
                                0x1aa (size before relaxing)
 .debug_str     0x000003e4       0xc9 ./driver/Inic.o
                                0x218 (size before relaxing)
 .debug_str     0x000004ad       0x16 ./driver/Oscilador.o
                                0x154 (size before relaxing)
 .debug_str     0x000004c3      0x223 ./driver/adc.o
                                0x37c (size before relaxing)
 .debug_str     0x000006e6       0x24 ./driver/extint.o
                                0x1a5 (size before relaxing)

.comment        0x00000000       0x4c
 .comment       0x00000000       0x4c ./src/cr_startup_lpc175x_6x.o
                                 0x4d (size before relaxing)
 .comment       0x0000004c       0x4d ./src/crp.o
 .comment       0x0000004c       0x4d ./src/motor3.o
 .comment       0x0000004c       0x4d ./primitivas/mqe_motor.o
 .comment       0x0000004c       0x4d ./driver/CONFIG.o
 .comment       0x0000004c       0x4d ./driver/DR_Systick.o
 .comment       0x0000004c       0x4d ./driver/Inic.o
 .comment       0x0000004c       0x4d ./driver/Oscilador.o
 .comment       0x0000004c       0x4d ./driver/adc.o
 .comment       0x0000004c       0x4d ./driver/extint.o
 .comment       0x0000004c       0x4d c:/nxp/mcuxpressoide_11.3.0_5222/ide/plugins/com.nxp.mcuxpresso.tools.win32_11.3.0.202008311133/tools/bin/../lib/gcc/arm-none-eabi/9.3.1/../../../../arm-none-eabi/lib/thumb/v7-m/nofp\libcr_c.a(__weak__main.o)

.ARM.attributes
                0x00000000       0x2d
 .ARM.attributes
                0x00000000       0x2d ./src/cr_startup_lpc175x_6x.o
 .ARM.attributes
                0x0000002d       0x33 ./src/crp.o
 .ARM.attributes
                0x00000060       0x2d ./src/motor3.o
 .ARM.attributes
                0x0000008d       0x2d ./primitivas/mqe_motor.o
 .ARM.attributes
                0x000000ba       0x2d ./driver/CONFIG.o
 .ARM.attributes
                0x000000e7       0x2d ./driver/DR_Systick.o
 .ARM.attributes
                0x00000114       0x2d ./driver/Inic.o
 .ARM.attributes
                0x00000141       0x2d ./driver/Oscilador.o
 .ARM.attributes
                0x0000016e       0x2d ./driver/adc.o
 .ARM.attributes
                0x0000019b       0x2d ./driver/extint.o
 .ARM.attributes
                0x000001c8       0x2d c:/nxp/mcuxpressoide_11.3.0_5222/ide/plugins/com.nxp.mcuxpresso.tools.win32_11.3.0.202008311133/tools/bin/../lib/gcc/arm-none-eabi/9.3.1/../../../../arm-none-eabi/lib/thumb/v7-m/nofp\libcr_c.a(__weak__main.o)

.debug_frame    0x00000000      0x2f0
 .debug_frame   0x00000000       0xf4 ./src/cr_startup_lpc175x_6x.o
 .debug_frame   0x000000f4       0x28 ./src/motor3.o
 .debug_frame   0x0000011c       0x40 ./primitivas/mqe_motor.o
 .debug_frame   0x0000015c       0x44 ./driver/CONFIG.o
 .debug_frame   0x000001a0       0x20 ./driver/DR_Systick.o
 .debug_frame   0x000001c0       0x74 ./driver/Inic.o
 .debug_frame   0x00000234       0x28 ./driver/Oscilador.o
 .debug_frame   0x0000025c       0x74 ./driver/adc.o
 .debug_frame   0x000002d0       0x20 ./driver/extint.o

Cross Reference Table

Symbol                                            File
ADC_IRQHandler                                    ./driver/adc.o
                                                  ./src/cr_startup_lpc175x_6x.o
ADC_get_average                                   ./driver/adc.o
                                                  ./primitivas/mqe_motor.o
ADC_init                                          ./driver/adc.o
                                                  ./driver/Inic.o
ADC_start_conversion                              ./driver/adc.o
BOD_IRQHandler                                    ./src/cr_startup_lpc175x_6x.o
BusFault_Handler                                  ./src/cr_startup_lpc175x_6x.o
CANActivity_IRQHandler                            ./src/cr_startup_lpc175x_6x.o
CAN_IRQHandler                                    ./src/cr_startup_lpc175x_6x.o
CRP_WORD                                          ./src/crp.o
DMA_IRQHandler                                    ./src/cr_startup_lpc175x_6x.o
DebugMon_Handler                                  ./src/cr_startup_lpc175x_6x.o
EINT0_IRQHandler                                  ./driver/extint.o
                                                  ./src/cr_startup_lpc175x_6x.o
EINT1_IRQHandler                                  ./src/cr_startup_lpc175x_6x.o
EINT2_IRQHandler                                  ./src/cr_startup_lpc175x_6x.o
EINT3_IRQHandler                                  ./src/cr_startup_lpc175x_6x.o
ENET_IRQHandler                                   ./src/cr_startup_lpc175x_6x.o
GetPIN                                            ./driver/GPIO.o
HardFault_Handler                                 ./src/cr_startup_lpc175x_6x.o
I2C0_IRQHandler                                   ./src/cr_startup_lpc175x_6x.o
I2C1_IRQHandler                                   ./src/cr_startup_lpc175x_6x.o
I2C2_IRQHandler                                   ./src/cr_startup_lpc175x_6x.o
I2S_IRQHandler                                    ./src/cr_startup_lpc175x_6x.o
InicPLL                                           ./driver/Oscilador.o
                                                  ./driver/Inic.o
Iniciar_apertura                                  ./driver/PWM_Salidas.o
Iniciar_cerrando                                  ./driver/PWM_Salidas.o
Init_EINT0                                        ./driver/Inic.o
Init_GPIO_PWM                                     ./driver/Inic.o
Init_PWM                                          ./driver/Inic.o
Init_Systick                                      ./driver/Inic.o
IntDefaultHandler                                 ./src/cr_startup_lpc175x_6x.o
MCPWM_IRQHandler                                  ./src/cr_startup_lpc175x_6x.o
MemManage_Handler                                 ./src/cr_startup_lpc175x_6x.o
NMI_Handler                                       ./src/cr_startup_lpc175x_6x.o
PLL0_IRQHandler                                   ./src/cr_startup_lpc175x_6x.o
PLL1_IRQHandler                                   ./src/cr_startup_lpc175x_6x.o
PWM1_IRQHandler                                   ./src/cr_startup_lpc175x_6x.o
PendSV_Handler                                    ./src/cr_startup_lpc175x_6x.o
QEI_IRQHandler                                    ./src/cr_startup_lpc175x_6x.o
RIT_IRQHandler                                    ./src/cr_startup_lpc175x_6x.o
RTC_IRQHandler                                    ./src/cr_startup_lpc175x_6x.o
ResetISR                                          ./src/cr_startup_lpc175x_6x.o
SPI_IRQHandler                                    ./src/cr_startup_lpc175x_6x.o
SSP0_IRQHandler                                   ./src/cr_startup_lpc175x_6x.o
SSP1_IRQHandler                                   ./src/cr_startup_lpc175x_6x.o
SVC_Handler                                       ./src/cr_startup_lpc175x_6x.o
SetDIR                                            ./driver/GPIO.o
SetPIN                                            ./driver/GPIO.o
SetPINMODE                                        ./driver/CONFIG.o
SetPINSEL                                         ./driver/CONFIG.o
                                                  ./driver/adc.o
                                                  ./driver/Inic.o
SysTick_Handler                                   ./driver/DR_Systick.o
                                                  ./src/cr_startup_lpc175x_6x.o
TIMER0_IRQHandler                                 ./src/cr_startup_lpc175x_6x.o
TIMER1_IRQHandler                                 ./src/cr_startup_lpc175x_6x.o
TIMER2_IRQHandler                                 ./src/cr_startup_lpc175x_6x.o
TIMER3_IRQHandler                                 ./src/cr_startup_lpc175x_6x.o
TimeADC                                           ./driver/adc.o
UART0_IRQHandler                                  ./src/cr_startup_lpc175x_6x.o
UART1_IRQHandler                                  ./src/cr_startup_lpc175x_6x.o
UART2_IRQHandler                                  ./src/cr_startup_lpc175x_6x.o
UART3_IRQHandler                                  ./src/cr_startup_lpc175x_6x.o
USBActivity_IRQHandler                            ./src/cr_startup_lpc175x_6x.o
USB_IRQHandler                                    ./src/cr_startup_lpc175x_6x.o
UsageFault_Handler                                ./src/cr_startup_lpc175x_6x.o
WDT_IRQHandler                                    ./src/cr_startup_lpc175x_6x.o
__bss_section_table_end                           ./src/cr_startup_lpc175x_6x.o
__data_section_table                              ./src/cr_startup_lpc175x_6x.o
__data_section_table_end                          ./src/cr_startup_lpc175x_6x.o
__main                                            c:/nxp/mcuxpressoide_11.3.0_5222/ide/plugins/com.nxp.mcuxpresso.tools.win32_11.3.0.202008311133/tools/bin/../lib/gcc/arm-none-eabi/9.3.1/../../../../arm-none-eabi/lib/thumb/v7-m/nofp\libcr_c.a(__weak__main.o)
                                                  ./src/cr_startup_lpc175x_6x.o
__valid_user_code_checksum                        ./src/cr_startup_lpc175x_6x.o
__weak_main                                       c:/nxp/mcuxpressoide_11.3.0_5222/ide/plugins/com.nxp.mcuxpresso.tools.win32_11.3.0.202008311133/tools/bin/../lib/gcc/arm-none-eabi/9.3.1/../../../../arm-none-eabi/lib/thumb/v7-m/nofp\libcr_c.a(__weak__main.o)
_vStackTop                                        ./src/cr_startup_lpc175x_6x.o
bss_init                                          ./src/cr_startup_lpc175x_6x.o
data_init                                         ./src/cr_startup_lpc175x_6x.o
g_pfnVectors                                      ./src/cr_startup_lpc175x_6x.o
inicializacion                                    ./driver/Inic.o
                                                  ./src/motor3.o
main                                              ./src/motor3.o
                                                  c:/nxp/mcuxpressoide_11.3.0_5222/ide/plugins/com.nxp.mcuxpresso.tools.win32_11.3.0.202008311133/tools/bin/../lib/gcc/arm-none-eabi/9.3.1/../../../../arm-none-eabi/lib/thumb/v7-m/nofp\libcr_c.a(__weak__main.o)
mqe_motor                                         ./primitivas/mqe_motor.o
                                                  ./src/motor3.o
state                                             ./primitivas/mqe_motor.o
                                                  ./driver/extint.o
temp                                              ./primitivas/mqe_motor.o
